# The following is a PC to Mac translation table
#
#Ext  Type   Creator   Comments
#
PDF   PDF    CARO      # Adobe Acrobat
BAT   TEXT   PCXT      # DOS Batch File
BIN   PCFL   PCXT      # PC Binary File
COM   PCFA   PCXT      # PC Binary File
CPI   PCFL   PCXT      # PC Binary File
DOC   TEXT   MSWD      # Microsoft Word Document
EXE   PCFA   PCXT      # PC Binary File
FTS   FSch   FSCH      # Fast Track Schedule File
OVL   PCFL   PCXT      # PC Binary File
SYS   PCFL   PCXT      # PC Binary File
WK1   TEXT   XCEL      # Microsoft Excel
WK3   TEXT   XCEL      # Microsoft Excel
WKS   TEXT   XCEL      # Microsoft Excel
XLS   XLS4   XCEL      # Microsoft Excel
XLW   XLS4   XCEL      # Microsoft Excel
BMP   BMP    8BIM      # Windows Bitmaps
EPS   EPSF   8BIM      # Encapsulated Postscript
GIF   GIFF   8BIM      # Compuserve Graphic Image
MAC   PNTG   MPNT      # Mac Paint Format
TGA   TPIC   8BIM      # Truevision Targa
TIF   TIFF   8BIM      # Tiff Image Format
HTM   TEXT   MOSS      # HTML Format
HTML  TEXT   MOSS      # HTML Format
PIX   PX01   PIXR      # Pixel Paint
QTM   MooV   TVOD      # Mac Quicktime Format
JPG   JPEG   JVWR      # JPEG Image Format
AIF   AIFF   ????      # Mac Audio Format
TXT   TEXT   ttxt      # Text File
pdf   PDF    CARO      # Adobe Acrobat
bat   TEXT   PCXT      # DOS Batch File
bin   PCFL   PCXT      # PC Binary File
com   PCFA   PCXT      # PC Binary File
cpi   PCFL   PCXT      # PC Binary File
doc   TEXT   MSWD      # Microsoft Word Document
exe   PCFA   PCXT      # PC Binary File
fts   FSch   FSCH      # Fast Track Schedule File
ovl   PCFL   PCXT      # PC Binary File
sys   PCFL   PCXT      # PC Binary File
wk1   TEXT   XCEL      # Microsoft Excel
wk3   TEXT   XCEL      # Microsoft Excel
wks   TEXT   XCEL      # Microsoft Excel
xls   XLS4   XCEL      # Microsoft Excel
xlw   XLS4   XCEL      # Microsoft Excel
bmp   BMP    8BIM      # Windows Bitmaps
eps   EPSF   8BIM      # Encapsulated Postscript
gif   GIFF   8BIM      # Compuserve Graphic Image
mac   PNTG   MPNT      # Mac Paint Format
tga   TPIC   8BIM      # Truevision Targa
tif   TIFF   8BIM      # Tiff Image Format
htm   TEXT   MOSS      # HTML Format
html  TEXT   MOSS      # HTML Format
pix   PX01   PIXR      # Pixel Paint
qtm   MooV   TVOD      # Mac Quicktime Format
jpg   JPEG   JVWR      # JPEG Image Format
aif   AIFF   ????      # Mac Audio Format
txt   TEXT   ttxt      # Text File
