******** BOBS SYSTEM  - LALR(1) Parser Generator - Version 1.4 ********
******** DER ER BQF I BOBS!
Default options:28 56 57 
************ A LIST OF INPUT WITH POSSIBLE ERRORMESSAGES  ************

      OPTIONS(32,34,59)
     METASYMBOLS  M1== M2=| M3=< M4=; M5="
     "<<" "--" "_EMPTY_" "_NAME_" "_KONST_" "_STRING_" "_ERROR_" 
     ">=" "else" "restart" "->" "none" 
     "not" "%" "and" "suspend" "then" ".%" 
     "&" "code" "repeat" "|" "'" "mod" 
     "(" "do" "[" "@@" "tos" "//" 
     ")" ":" "*" "inner" "]" ";" 
     "+" "leave" "^" "<" "=" "," 
     "(#" "-" ">" "exit" "##" "." 
     "/" "if" "@" "this" "enter" "xor" 
     "<=" "div" "<>" "!" "or" "[]" 
     "for" "#)" "(*" ;
     STRINGCH = ';
     COMMENT = "(*" ; "*)";
     GOALSYMBOL = betaform;
     <betaform< = _ERROR_.-1= "_ERROR_";
     <nameappl< = ^.-3= "_NAME_";
     <namedecl< = :.-4= "_NAME_";
     <const< = %.-5= "_KONST_";
     <string< = '.-6= "_STRING_";
     <betaform< = ?.1= <descriptorform< 
                   | ?.1= <attributesform< ;
     <descriptorform< = DescriptorForm.2= <objectdescriptor<  ;
     <attributesform< = AttributesForm.3= <attributes<  ;
     <objectdescriptor< = ObjectDescriptor.4= <prefixopt<  <mainpart<  ;
     <mainpart< = MainPart.5= "(#" <attributes<  <actionpart<  "#)" ;
     <attributes< = Attributes.6= <attributedeclopt< 
                   | +.6= <attributes< ";"<attributedeclopt< ;
     <prefixopt< = _EMPTY_.7= "_EMPTY_"
                   | ?.-2= <prefix< ;
     <prefix< = Prefix.8= <attributedenotation<  ;
     <attributedeclopt< = _EMPTY_.9= "_EMPTY_"
                   | ?.-2= <attributedecl< ;
     <attributedecl< = ?.10= <patterndecl< 
                   | ?.10= <simpledecl< 
                   | ?.10= <repetitiondecl< 
                   | ?.10= <virtualdecl< 
                   | ?.10= <bindingdecl< 
                   | ?.10= <finaldecl< 
                   | ?.10= <errordecl< ;
     <patterndecl< = PatternDecl.11= <names<  ":" <objectdescriptor<  ;
     <simpledecl< = SimpleDecl.12= <names<  ":" <referencespecification<  ;
     <repetitiondecl< = RepetitionDecl.13= <names<  ":" "[" <index<  "]" <referencespecification<  ;
     <virtualdecl< = VirtualDecl.14= <names<  ":" "<" <objectspecification<  ;
     <bindingdecl< = BindingDecl.15= <names<  ":" ":" "<" <objectspecification<  ;
     <finaldecl< = FinalDecl.16= <names<  ":" ":" <objectspecification<  ;
     <variablepattern< = VariablePattern.17= "##" <attributedenotation<  ;
     <referencespecification< = ?.18= <staticitem< 
                   | ?.18= <dynamicitem< 
                   | ?.18= <staticcomponent< 
                   | ?.18= <dynamiccomponent< 
                   | ?.18= <variablepattern< ;
     <staticitem< = StaticItem.19= "@" <objectspecification<  ;
     <dynamicitem< = DynamicItem.20= "^" <attributedenotation<  ;
     <staticcomponent< = StaticComponent.21= "@" "|" <objectspecification<  ;
     <dynamiccomponent< = DynamicComponent.22= "^" "|" <attributedenotation<  ;
     <objectspecification< = ?.23= <objectdescriptor< 
                   | ?.23= <attributedenotation< ;
     <index< = ?.24= <simpleindex< 
                   | ?.24= <namedindex< ;
     <namedindex< = NamedIndex.25= <namedcl<  ":" <evaluation<  ;
     <actionpart< = ActionPart.26= <enterpartopt<  <dopartopt<  <exitpartopt<  ;
     <enterpartopt< = _EMPTY_.27= "_EMPTY_"
                   | ?.-2= <enterpart< ;
     <dopartopt< = _EMPTY_.28= "_EMPTY_"
                   | ?.-2= <dopart< ;
     <exitpartopt< = _EMPTY_.29= "_EMPTY_"
                   | ?.-2= <exitpart< ;
     <enterpart< = EnterPart.30= "enter" <evaluation<  ;
     <dopart< = DoPart.31= "do" <imperatives<  ;
     <exitpart< = ExitPart.32= "exit" <evaluation<  ;
     <imperatives< = Imperatives.33= <impopt< 
                   | +.33= <imperatives< ";"<impopt< ;
     <impopt< = _EMPTY_.34= "_EMPTY_"
                   | ?.-2= <imp< ;
     <imp< = ?.35= <labelledimp< 
                   | ?.35= <forimp< 
                   | ?.35= <simpleifimp< 
                   | ?.35= <generalifimp< 
                   | ?.35= <leaveimp< 
                   | ?.35= <restartimp< 
                   | ?.35= <innerimp< 
                   | ?.35= <suspendimp< 
                   | ?.35= <evaluation< 
                   | ?.35= <codeimp< 
                   | ?.35= <errorimp< ;
     <labelledimp< = LabelledImp.36= <namedcl<  ":" <imp<  ;
     <forimp< = ForImp.37= "(" "for" <index<  "repeat" <imperatives<  "for" ")" ;
     <generalifimp< = GeneralIfImp.38= "(" "if" <evaluation<  <alternatives<  <elsepartopt<  "if" ")" ;
     <simpleifimp< = SimpleIfImp.39= "(" "if" <evaluation<  "then" <imperatives<  <elsepartopt<  "if" ")" ;
     <leaveimp< = LeaveImp.40= "leave" <nameapl<  ;
     <restartimp< = RestartImp.41= "restart" <nameapl<  ;
     <innerimp< = InnerImp.42= "inner" <nameaplopt<  ;
     <nameaplopt< = _EMPTY_.43= "_EMPTY_"
                   | ?.-2= <nameapl< ;
     <suspendimp< = SuspendImp.44= "suspend" ;
     <codeimp< = CodeImp.45= "(" "code" <codeitems<  "code" ")" ;
     <alternatives< = Alternatives.46= <alternative< 
                   | +.46= <alternatives< <alternative< ;
     <alternative< = Alternative.47= <selections<  "then" <imperatives<  ;
     <selections< = Selections.48= <selection< 
                   | +.48= <selections< <selection< ;
     <selection< = ?.49= <caseselection< ;
     <caseselection< = CaseSelection.50= "//" <evaluation<  ;
     <elsepartopt< = _EMPTY_.51= "_EMPTY_"
                   | ?.-2= <elsepart< ;
     <elsepart< = ElsePart.52= "else" <imperatives<  ;
     <evaluations< = Evaluations.53= <evaluation< 
                   | +.53= <evaluations< ","<evaluation< ;
     <evaluation< = ?.54= <expression< 
                   | ?.54= <assignmentevaluation< ;
     <assignmentevaluation< = AssignmentEvaluation.55= <evaluation<  "->" <transaction<  ;
     <transaction< = ?.56= <objectevaluation< 
                   | ?.56= <computedobjectevaluation< 
                   | ?.56= <objectreference< 
                   | ?.56= <evallist< 
                   | ?.56= <structurereference< 
                   | ?.56= <primitive< 
                   | ?.56= <address< ;
     <objectevaluation< = ?.57= <inserteditem< 
                   | ?.57= <reference< ;
     <reference< = ?.58= <objectdenotation< 
                   | ?.58= <dynamicobjectgeneration< ;
     <dynamicobjectgeneration< = ?.59= <dynamicitemgeneration< 
                   | ?.59= <dynamiccomponentgeneration< ;
     <inserteditem< = InsertedItem.60= <objectdescriptor<  ;
     <objectdenotation< = ObjectDenotation.61= <attributedenotation<  ;
     <computedobjectevaluation< = ComputedObjectEvaluation.62= <objectevaluation<  "!" ;
     <objectreference< = ObjectReference.63= <reference<  "[]" ;
     <structurereference< = StructureReference.64= <attributedenotation<  "##" ;
     <evallist< = EvalList.65= "(" <evaluations<  ")" ;
     <dynamicitemgeneration< = DynamicItemGeneration.66= "&" <objectspecification<  ;
     <dynamiccomponentgeneration< = DynamicComponentGeneration.67= "&" "|" <objectspecification<  ;
     <primitive< = Primitive.68= "tos" <simpleentry<  ;
     <address< = Address.69= "@@" <attributedenotation<  ;
     <attributedenotation< = ?.70= <nameapl< 
                   | ?.70= <remote< 
                   | ?.70= <computedremote< 
                   | ?.70= <indexed< 
                   | ?.70= <thisobject< 
                   | ?.70= <remoteprimitive< ;
     <remote< = Remote.71= <attributedenotation<  "." <nameapl<  ;
     <computedremote< = ComputedRemote.72= "(" <evaluations<  ")" "." <nameapl<  ;
     <indexed< = Indexed.73= <attributedenotation<  "[" <evaluation<  "]" ;
     <thisobject< = ThisObject.74= "this" "(" <nameapl<  ")" ;
     <remoteprimitive< = RemotePrimitive.75= <attributedenotation<  ".%" <nameapl<  ;
     <expression< = ?.76= <relationalexp< 
                   | ?.76= <simpleexp< ;
     <relationalexp< = ?.77= <eqexp< 
                   | ?.77= <ltexp< 
                   | ?.77= <leexp< 
                   | ?.77= <gtexp< 
                   | ?.77= <geexp< 
                   | ?.77= <neexp< ;
     <simpleexp< = ?.78= <addexp< 
                   | ?.78= <signedterm< 
                   | ?.78= <term< ;
     <addexp< = ?.79= <plusexp< 
                   | ?.79= <minusexp< 
                   | ?.79= <orexp< 
                   | ?.79= <xorexp< ;
     <signedterm< = ?.80= <unaryplusexp< 
                   | ?.80= <unaryminusexp< ;
     <term< = ?.81= <mulexp< 
                   | ?.81= <factor< ;
     <mulexp< = ?.82= <timesexp< 
                   | ?.82= <realdivexp< 
                   | ?.82= <intdivexp< 
                   | ?.82= <modexp< 
                   | ?.82= <andexp< 
                   | ?.82= <primitiveexp< ;
     <eqexp< = EqExp.83= <simpleexp<  "=" <simpleexp<  ;
     <ltexp< = LtExp.84= <simpleexp<  "<" <simpleexp<  ;
     <leexp< = LeExp.85= <simpleexp<  "<=" <simpleexp<  ;
     <gtexp< = GtExp.86= <simpleexp<  ">" <simpleexp<  ;
     <geexp< = GeExp.87= <simpleexp<  ">=" <simpleexp<  ;
     <neexp< = NeExp.88= <simpleexp<  "<>" <simpleexp<  ;
     <plusexp< = PlusExp.89= <simpleexp<  "+" <term<  ;
     <minusexp< = MinusExp.90= <simpleexp<  "-" <term<  ;
     <orexp< = OrExp.91= <simpleexp<  "or" <term<  ;
     <xorexp< = XorExp.92= <simpleexp<  "xor" <term<  ;
     <unaryplusexp< = unaryPlusExp.93= "+" <term<  ;
     <unaryminusexp< = unaryMinusExp.94= "-" <term<  ;
     <timesexp< = TimesExp.95= <term<  "*" <factor<  ;
     <realdivexp< = RealDivExp.96= <term<  "/" <factor<  ;
     <intdivexp< = IntDivExp.97= <term<  "div" <factor<  ;
     <modexp< = ModExp.98= <term<  "mod" <factor<  ;
     <andexp< = AndExp.99= <term<  "and" <factor<  ;
     <primitiveexp< = PrimitiveExp.100= <term<  "%" <nameapl<  <factor<  ;
     <factor< = ?.101= <textconst< 
                   | ?.101= <integerconst< 
                   | ?.101= <notexp< 
                   | ?.101= <noneexp< 
                   | ?.101= <repetitionslice< 
                   | ?.101= <transaction< 
                   | ?.101= <unaryprimitiveexp< ;
     <repetitionslice< = RepetitionSlice.102= <attributedenotation<  "[" <evaluation<  ":" <evaluation<  "]" ;
     <notexp< = notExp.103= "not" <factor<  ;
     <noneexp< = noneExp.104= "none" ;
     <unaryprimitiveexp< = UnaryPrimitiveExp.105= "%" <nameapl<  <factor<  ;
     <names< = Names.106= <namedcl< 
                   | +.106= <names< ","<namedcl< ;
     <namedcl< = NameDcl.107= <namedecl<  ;
     <nameapl< = NameApl.108= <nameappl<  ;
     <simpleentry< = _EMPTY_.109= "_EMPTY_"
                   | ?.-2= <textconst< ;
     <textconst< = TextConst.110= <string<  ;
     <integerconst< = IntegerConst.111= <const<  ;
     <simpleindex< = SimpleIndex.112= <evaluation<  ;
     <codeitems< = CodeItems.113= <codeitem< 
                   | +.113= <codeitems< ","<codeitem< ;
     <codeitem< = ?.114= <codestring< 
                   | ?.114= <codeconst< ;
     <codestring< = CodeString.115= <string<  ;
     <codeconst< = CodeConst.116= <const<  ;
     <errordecl< = ErrorDecl.117= "_ERROR_" ;
     <errorimp< = ErrorImp.118= "_ERROR_" ;
     ;;

*********************************  END OF LIST ****************************


*******************************  GRAMMARCHECKS  **************************

IT HAS BEEN CHECKED THAT ALL NONTERMINALS
EXCEPT THE GOALSYMBOL APPEAR IN BOTH
LEFT AND RIGHTSIDE OF A PRODUCTION


IT HAS BEEN CHECKED  THAT THERE 
EXISTS NO IDENTICAL PRODUCTIONS 


IT HAS BEEN CHECKED THAT ALL NONTERMINALS CAN
PRODUCE A STRING OF ONLY TERMINAL SYMBOLS


*********************************************  The Grammar  *************************
     BOBS

   1   1   <betaform> ::= _ERROR_                                      :_ERROR_
                                                                        .-1

   2   4   <nameappl> ::= _NAME_                                       :^.-3

   3   5   <namedecl> ::= _NAME_                                       ::.-4

   4   6   <const> ::= _KONST_                                         :%.-5

   5   7   <string> ::= _STRING_                                       :'.-6

   6   2   <betaform> ::= <descriptorform>                             :?.1
   7   3               |  <attributesform>                             :?.1

   8   8   <descriptorform> ::= <objectdescriptor>                     :Descrip
                                                                        torForm
                                                                        .2

   9   9   <attributesform> ::= <attributes>                           :Attribu
                                                                        tesForm
                                                                        .3

  10  10   <objectdescriptor> ::= <prefixopt> <mainpart>               :ObjectD
                                                                        escript
                                                                        or.4

  11  15   <mainpart> ::= (# <attributes> <actionpart> #)              :MainPar
                                                                        t.5

  12  11   <attributes> ::= <attributedeclopt>                         :Attribu
                                                                        tes.6
  13  12                 |  <attributes> ; <attributedeclopt>          :+.6

  14  13   <prefixopt> ::= _EMPTY_                                     :_EMPTY_
                                                                        .7
  15  14                |  <prefix>                                    :?.-2

  16  19   <prefix> ::= <attributedenotation>                          :Prefix.
                                                                        8

  17  17   <attributedeclopt> ::= _EMPTY_                              :_EMPTY_
                                                                        .9
  18  18                       |  <attributedecl>                      :?.-2

  19  26   <attributedecl> ::= <patterndecl>                           :?.10
  20  27                    |  <simpledecl>                            :?.10
  21  28                    |  <repetitiondecl>                        :?.10
  22  29                    |  <virtualdecl>                           :?.10
  23  30                    |  <bindingdecl>                           :?.10
  24  31                    |  <finaldecl>                             :?.10
  25  32                    |  <errordecl>                             :?.10

  26  33   <patterndecl> ::= <names> : <objectdescriptor>              :Pattern
                                                                        Decl.11

  27  34   <simpledecl> ::= <names> : <referencespecification>         :SimpleD
                                                                        ecl.12

  28  35   <repetitiondecl> ::= <names> : [ <index> ] 
                                <referencespecification>               :Repetit
                                                                        ionDecl
                                                                        .13

  29  36   <virtualdecl> ::= <names> : < <objectspecification>         :Virtual
                                                                        Decl.14

  30  37   <bindingdecl> ::= <names> : : < <objectspecification>       :Binding
                                                                        Decl.15

  31  38   <finaldecl> ::= <names> : : <objectspecification>           :FinalDe
                                                                        cl.16

  32  51   <variablepattern> ::= ## <attributedenotation>              :Variabl
                                                                        ePatter
                                                                        n.17

  33  42   <referencespecification> ::= <staticitem>                   :?.18
  34  43                             |  <dynamicitem>                  :?.18
  35  44                             |  <staticcomponent>              :?.18
  36  45                             |  <dynamiccomponent>             :?.18
  37  46                             |  <variablepattern>              :?.18

  38  52   <staticitem> ::= @ <objectspecification>                    :StaticI
                                                                        tem.19

  39  53   <dynamicitem> ::= ^ <attributedenotation>                   :Dynamic
                                                                        Item.20

  40  54   <staticcomponent> ::= @ | <objectspecification>             :StaticC
                                                                        omponen
                                                                        t.21

  41  55   <dynamiccomponent> ::= ^ | <attributedenotation>            :Dynamic
                                                                        Compone
                                                                        nt.22

  42  49   <objectspecification> ::= <objectdescriptor>                :?.23
  43  50                          |  <attributedenotation>             :?.23

  44  47   <index> ::= <simpleindex>                                   :?.24
  45  48            |  <namedindex>                                    :?.24

  46  57   <namedindex> ::= <namedcl> : <evaluation>                   :NamedIn
                                                                        dex.25

  47  16   <actionpart> ::= <enterpartopt> <dopartopt> <exitpartopt>   :ActionP
                                                                        art.26

  48  61   <enterpartopt> ::= _EMPTY_                                  :_EMPTY_
                                                                        .27
  49  62                   |  <enterpart>                              :?.-2

  50  63   <dopartopt> ::= _EMPTY_                                     :_EMPTY_
                                                                        .28
  51  64                |  <dopart>                                    :?.-2

  52  65   <exitpartopt> ::= _EMPTY_                                   :_EMPTY_
                                                                        .29
  53  66                  |  <exitpart>                                :?.-2

  54  67   <enterpart> ::= enter <evaluation>                          :EnterPa
                                                                        rt.30

  55  68   <dopart> ::= do <imperatives>                               :DoPart.
                                                                        31

  56  69   <exitpart> ::= exit <evaluation>                            :ExitPar
                                                                        t.32

  57  70   <imperatives> ::= <impopt>                                  :Imperat
                                                                        ives.33
  58  71                  |  <imperatives> ; <impopt>                  :+.33

  59  72   <impopt> ::= _EMPTY_                                        :_EMPTY_
                                                                        .34
  60  73             |  <imp>                                          :?.-2

  61  74   <imp> ::= <labelledimp>                                     :?.35
  62  75          |  <forimp>                                          :?.35
  63  76          |  <simpleifimp>                                     :?.35
  64  77          |  <generalifimp>                                    :?.35
  65  78          |  <leaveimp>                                        :?.35
  66  79          |  <restartimp>                                      :?.35
  67  80          |  <innerimp>                                        :?.35
  68  81          |  <suspendimp>                                      :?.35
  69  82          |  <evaluation>                                      :?.35
  70  83          |  <codeimp>                                         :?.35
  71  84          |  <errorimp>                                        :?.35

  72  85   <labelledimp> ::= <namedcl> : <imp>                         :Labelle
                                                                        dImp.36

  73  86   <forimp> ::= ( for <index> repeat <imperatives> for )       :ForImp.
                                                                        37

  74  88   <generalifimp> ::= ( if <evaluation> <alternatives> 
                              <elsepartopt> if )                       :General
                                                                        IfImp.3
                                                                        8

  75  87   <simpleifimp> ::= ( if <evaluation> then <imperatives> 
                             <elsepartopt> if )                        :SimpleI
                                                                        fImp.39

  76  89   <leaveimp> ::= leave <nameapl>                              :LeaveIm
                                                                        p.40

  77  90   <restartimp> ::= restart <nameapl>                          :Restart
                                                                        Imp.41

  78  91   <innerimp> ::= inner <nameaplopt>                           :InnerIm
                                                                        p.42

  79 100   <nameaplopt> ::= _EMPTY_                                    :_EMPTY_
                                                                        .43
  80 101                 |  <nameapl>                                  :?.-2

  81  92   <suspendimp> ::= suspend                                    :Suspend
                                                                        Imp.44

  82  93   <codeimp> ::= ( code <codeitems> code )                     :CodeImp
                                                                        .45

  83  95   <alternatives> ::= <alternative>                            :Alterna
                                                                        tives.4
                                                                        6
  84  96                   |  <alternatives> <alternative>             :+.46

  85 104   <alternative> ::= <selections> then <imperatives>           :Alterna
                                                                        tive.47

  86 105   <selections> ::= <selection>                                :Selecti
                                                                        ons.48
  87 106                 |  <selections> <selection>                   :+.48

  88 107   <selection> ::= <caseselection>                             :?.49

  89 108   <caseselection> ::= // <evaluation>                         :CaseSel
                                                                        ection.
                                                                        50

  90  97   <elsepartopt> ::= _EMPTY_                                   :_EMPTY_
                                                                        .51
  91  98                  |  <elsepart>                                :?.-2

  92 109   <elsepart> ::= else <imperatives>                           :ElsePar
                                                                        t.52

  93 110   <evaluations> ::= <evaluation>                              :Evaluat
                                                                        ions.53
  94 111                  |  <evaluations> , <evaluation>              :+.53

  95  59   <evaluation> ::= <expression>                               :?.54
  96  60                 |  <assignmentevaluation>                     :?.54

  97 114   <assignmentevaluation> ::= <evaluation> -> <transaction>    :Assignm
                                                                        entEval
                                                                        uation.
                                                                        55

  98 115   <transaction> ::= <objectevaluation>                        :?.56
  99 116                  |  <computedobjectevaluation>                :?.56
 100 117                  |  <objectreference>                         :?.56
 101 118                  |  <evallist>                                :?.56
 102 119                  |  <structurereference>                      :?.56
 103 120                  |  <primitive>                               :?.56
 104 121                  |  <address>                                 :?.56

 105 122   <objectevaluation> ::= <inserteditem>                       :?.57
 106 123                       |  <reference>                          :?.57

 107 131   <reference> ::= <objectdenotation>                          :?.58
 108 132                |  <dynamicobjectgeneration>                   :?.58

 109 134   <dynamicobjectgeneration> ::= <dynamicitemgeneration>       :?.59
 110 135                              |  <dynamiccomponentgeneration>  :?.59

 111 130   <inserteditem> ::= <objectdescriptor>                       :Inserte
                                                                        dItem.6
                                                                        0

 112 133   <objectdenotation> ::= <attributedenotation>                :ObjectD
                                                                        enotati
                                                                        on.61

 113 124   <computedobjectevaluation> ::= <objectevaluation> !         :Compute
                                                                        dObject
                                                                        Evaluat
                                                                        ion.62

 114 125   <objectreference> ::= <reference> []                        :ObjectR
                                                                        eferenc
                                                                        e.63

 115 127   <structurereference> ::= <attributedenotation> ##           :Structu
                                                                        reRefer
                                                                        ence.64

 116 126   <evallist> ::= ( <evaluations> )                            :EvalLis
                                                                        t.65

 117 136   <dynamicitemgeneration> ::= & <objectspecification>         :Dynamic
                                                                        ItemGen
                                                                        eration
                                                                        .66

 118 137   <dynamiccomponentgeneration> ::= & | <objectspecification>  :Dynamic
                                                                        Compone
                                                                        ntGener
                                                                        ation.6
                                                                        7

 119 128   <primitive> ::= tos <simpleentry>                           :Primiti
                                                                        ve.68

 120 129   <address> ::= @@ <attributedenotation>                      :Address
                                                                        .69

 121  20   <attributedenotation> ::= <nameapl>                         :?.70
 122  21                          |  <remote>                          :?.70
 123  22                          |  <computedremote>                  :?.70
 124  23                          |  <indexed>                         :?.70
 125  24                          |  <thisobject>                      :?.70
 126  25                          |  <remoteprimitive>                 :?.70

 127 140   <remote> ::= <attributedenotation> . <nameapl>              :Remote.
                                                                        71

 128 141   <computedremote> ::= ( <evaluations> ) . <nameapl>          :Compute
                                                                        dRemote
                                                                        .72

 129 142   <indexed> ::= <attributedenotation> [ <evaluation> ]        :Indexed
                                                                        .73

 130 143   <thisobject> ::= this ( <nameapl> )                         :ThisObj
                                                                        ect.74

 131 144   <remoteprimitive> ::= <attributedenotation> .% <nameapl>    :RemoteP
                                                                        rimitiv
                                                                        e.75

 132 112   <expression> ::= <relationalexp>                            :?.76
 133 113                 |  <simpleexp>                                :?.76

 134 145   <relationalexp> ::= <eqexp>                                 :?.77
 135 146                    |  <ltexp>                                 :?.77
 136 147                    |  <leexp>                                 :?.77
 137 148                    |  <gtexp>                                 :?.77
 138 149                    |  <geexp>                                 :?.77
 139 150                    |  <neexp>                                 :?.77

 140 151   <simpleexp> ::= <addexp>                                    :?.78
 141 152                |  <signedterm>                                :?.78
 142 153                |  <term>                                      :?.78

 143 160   <addexp> ::= <plusexp>                                      :?.79
 144 161             |  <minusexp>                                     :?.79
 145 162             |  <orexp>                                        :?.79
 146 163             |  <xorexp>                                       :?.79

 147 164   <signedterm> ::= <unaryplusexp>                             :?.80
 148 165                 |  <unaryminusexp>                            :?.80

 149 166   <term> ::= <mulexp>                                         :?.81
 150 167           |  <factor>                                         :?.81

 151 174   <mulexp> ::= <timesexp>                                     :?.82
 152 175             |  <realdivexp>                                   :?.82
 153 176             |  <intdivexp>                                    :?.82
 154 177             |  <modexp>                                       :?.82
 155 178             |  <andexp>                                       :?.82
 156 179             |  <primitiveexp>                                 :?.82

 157 154   <eqexp> ::= <simpleexp> = <simpleexp>                       :EqExp.8
                                                                        3

 158 155   <ltexp> ::= <simpleexp> < <simpleexp>                       :LtExp.8
                                                                        4

 159 156   <leexp> ::= <simpleexp> <= <simpleexp>                      :LeExp.8
                                                                        5

 160 157   <gtexp> ::= <simpleexp> > <simpleexp>                       :GtExp.8
                                                                        6

 161 158   <geexp> ::= <simpleexp> >= <simpleexp>                      :GeExp.8
                                                                        7

 162 159   <neexp> ::= <simpleexp> <> <simpleexp>                      :NeExp.8
                                                                        8

 163 168   <plusexp> ::= <simpleexp> + <term>                          :PlusExp
                                                                        .89

 164 169   <minusexp> ::= <simpleexp> - <term>                         :MinusEx
                                                                        p.90

 165 170   <orexp> ::= <simpleexp> or <term>                           :OrExp.9
                                                                        1

 166 171   <xorexp> ::= <simpleexp> xor <term>                         :XorExp.
                                                                        92

 167 172   <unaryplusexp> ::= + <term>                                 :unaryPl
                                                                        usExp.9
                                                                        3

 168 173   <unaryminusexp> ::= - <term>                                :unaryMi
                                                                        nusExp.
                                                                        94

 169 187   <timesexp> ::= <term> * <factor>                            :TimesEx
                                                                        p.95

 170 188   <realdivexp> ::= <term> / <factor>                          :RealDiv
                                                                        Exp.96

 171 189   <intdivexp> ::= <term> div <factor>                         :IntDivE
                                                                        xp.97

 172 190   <modexp> ::= <term> mod <factor>                            :ModExp.
                                                                        98

 173 191   <andexp> ::= <term> and <factor>                            :AndExp.
                                                                        99

 174 192   <primitiveexp> ::= <term> % <nameapl> <factor>              :Primiti
                                                                        veExp.1
                                                                        00

 175 180   <factor> ::= <textconst>                                    :?.101
 176 181             |  <integerconst>                                 :?.101
 177 182             |  <notexp>                                       :?.101
 178 183             |  <noneexp>                                      :?.101
 179 184             |  <repetitionslice>                              :?.101
 180 185             |  <transaction>                                  :?.101
 181 186             |  <unaryprimitiveexp>                            :?.101

 182 197   <repetitionslice> ::= <attributedenotation> [ <evaluation> 
                                 : <evaluation> ]                      :Repetit
                                                                        ionSlic
                                                                        e.102

 183 195   <notexp> ::= not <factor>                                   :notExp.
                                                                        103

 184 196   <noneexp> ::= none                                          :noneExp
                                                                        .104

 185 198   <unaryprimitiveexp> ::= % <nameapl> <factor>                :UnaryPr
                                                                        imitive
                                                                        Exp.105

 186  40   <names> ::= <namedcl>                                       :Names.1
                                                                        06
 187  41            |  <names> , <namedcl>                             :+.106

 188  58   <namedcl> ::= <namedecl>                                    :NameDcl
                                                                        .107

 189  99   <nameapl> ::= <nameappl>                                    :NameApl
                                                                        .108

 190 138   <simpleentry> ::= _EMPTY_                                   :_EMPTY_
                                                                        .109
 191 139                  |  <textconst>                               :?.-2

 192 193   <textconst> ::= <string>                                    :TextCon
                                                                        st.110

 193 194   <integerconst> ::= <const>                                  :Integer
                                                                        Const.1
                                                                        11

 194  56   <simpleindex> ::= <evaluation>                              :SimpleI
                                                                        ndex.11
                                                                        2

 195 102   <codeitems> ::= <codeitem>                                  :CodeIte
                                                                        ms.113
 196 103                |  <codeitems> , <codeitem>                    :+.113

 197 199   <codeitem> ::= <codestring>                                 :?.114
 198 200               |  <codeconst>                                  :?.114

 199 201   <codestring> ::= <string>                                   :CodeStr
                                                                        ing.115

 200 202   <codeconst> ::= <const>                                     :CodeCon
                                                                        st.116

 201  39   <errordecl> ::= _ERROR_                                     :ErrorDe
                                                                        cl.117

 202  94   <errorimp> ::= _ERROR_                                      :ErrorIm
                                                                        p.118

*************************************************************************************
 *********************  A list of LR(1) conflicts  *********************


  -------------------------------------------------------------
  LALR(1) conflict of type: REDUCE/REDUCE
    first conflicting production:
        1: <betaform> ::= _ERROR_  .
      Lookahead set:
     -EOF- 
    second conflicting production:
      39: <errordecl> ::= _ERROR_  .
      lookahead set:
     -EOF- ; 
    Conflict on symbol(s)
     -EOF-
    

 ********************* End of LR(1) conflicts  *************************

***********************************************************************

           The grammar is NOT LALR(1) 

***********************************************************************

A parser for the grammar has however been constructed.
THIS PARSER MAY NOT WORK PROPERLY!!!
When a parse conflict occurs, 
the parser selects one of the possibilities.
If the parse conflict is due to an ambiguity,
one of the possible right parses is produced.
If the grammar is unambiguous and NON LALR(1),
a parse error may appear on a syntactic correct string!


***********************  COMPILER ERROR MESSAGES  ***********


      ERRORNO : 0      ** ILLEGAL TERMINAL SYMBOL **


      ERRORNO :        EXPECTED SYMBOL:

             1 :        BOBS-GO 

             2 :        <codeconst> <const> _KONST_ 

             3 :        -EOF- 

             4 :        <codestring> <string> _STRING_ 

             5 :        <codeitem> <codestring> <codeconst> <string> <const> 
                     _STRING_ _KONST_ 

             6 :        <unaryprimitiveexp> % 

             7 :        <nameapl> <nameappl> _NAME_ 

             8 :        ( 

             9 :        ) 

            10 :        <mainpart> (# 

            11 :        : , 

            12 :        <namedcl> <namedecl> _NAME_ 

            13 :        <attributedenotation> <nameapl> <remote> <computedremote> 
                     <indexed> <thisobject> <remoteprimitive> <nameappl> 
                     ( this _NAME_ 

            14 :        : ] -> 

            15 :        ] -> 

            16 :        ) , 

            17 :        <attributedenotation> | <nameapl> <remote> <computedremote> 
                     <indexed> <thisobject> <remoteprimitive> <nameappl> 
                     ( this _NAME_ 

            18 :        : 

            19 :        ] 

            20 :        <referencespecification> <staticitem> <dynamicitem> 
                     <staticcomponent> <dynamiccomponent> <variablepattern> 
                     @ ^ ## 

            21 :        <codeitems> <codeitem> <codestring> <codeconst> <string> 
                     <const> _STRING_ _KONST_ 

            22 :        code , 

            23 :        then <alternatives> -> <alternative> <selections> <selection> 
                     <caseselection> // 

            24 :        then <selection> <caseselection> // 

            25 :        if 

            26 :        repeat 

            27 :        for ; 

            28 :        #) 

            29 :        . 

            30 :        <repetitionslice> <attributedenotation> <nameapl> <remote> 
                     <computedremote> <indexed> <thisobject> <remoteprimitive> 
                     <nameappl> ( this _NAME_ 

            31 :        [ . .% 

            32 :        <noneexp> none 

            33 :        <notexp> not 

            34 :        <integerconst> <const> _KONST_ 

            35 :        <textconst> <string> _STRING_ 

            36 :        % * / div mod and 

            37 :        <unaryminusexp> - 

            38 :        <unaryplusexp> + 

            39 :        xor + - or 

            40 :        -EOF- * / div mod and % 

            41 :        <signedterm> <unaryplusexp> <unaryminusexp> + - 

            42 :        <> + - or xor 

            43 :        >= + - or xor 

            44 :        > + - or xor 

            45 :        <= + - or xor 

            46 :        < + - or xor 

            47 :        = + - or xor 

            48 :        -EOF- + - or xor 

            49 :        = < <= > >= <> + - or xor 

            50 :        <thisobject> this 

            51 :        <computedremote> ( 

            52 :        <dynamiccomponentgeneration> & 

            53 :        | 

            54 :        <dynamicitemgeneration> & 

            55 :        <dynamicobjectgeneration> <dynamicitemgeneration> <dynamiccomponentgeneration> 
                     & 

            56 :        <objectdenotation> <attributedenotation> <nameapl> 
                     <remote> <computedremote> <indexed> <thisobject> <remoteprimitive> 
                     <nameappl> ( this _NAME_ 

            57 :        <reference> <objectdenotation> <dynamicobjectgeneration> 
                     <attributedenotation> <dynamicitemgeneration> <dynamiccomponentgeneration> 
                     <nameapl> <remote> <computedremote> <indexed> <thisobject> 
                     <remoteprimitive> & <nameappl> ( this _NAME_ 

            58 :        <address> @@ 

            59 :        <primitive> tos 

            60 :        <structurereference> <attributedenotation> <nameapl> 
                     <remote> <computedremote> <indexed> <thisobject> <remoteprimitive> 
                     <nameappl> ( this _NAME_ 

            61 :        ## . [ .% 

            62 :        <evallist> ( 

            63 :        <objectreference> <reference> <objectdenotation> <dynamicobjectgeneration> 
                     <attributedenotation> <dynamicitemgeneration> <dynamiccomponentgeneration> 
                     <nameapl> <remote> <computedremote> <indexed> <thisobject> 
                     <remoteprimitive> & <nameappl> ( this _NAME_ 

            64 :        [] 

            65 :        ! 

            66 :        -> 

            67 :        -EOF- , 

            68 :        <elsepart> else 

            69 :        <caseselection> // 

            70 :        <selection> <caseselection> // 

            71 :        <selections> <selection> <caseselection> // 

            72 :        -EOF- <selection> <caseselection> // 

            73 :        <alternative> <selections> <selection> <caseselection> 
                     // 

            74 :        <alternatives> <alternative> <selections> <selection> 
                     <caseselection> // 

            75 :        -EOF- <alternative> <selections> <selection> <caseselection> 
                     // 

            76 :        <errorimp> _ERROR_ 

            77 :        <codeimp> ( 

            78 :        code 

            79 :        <suspendimp> suspend 

            80 :        <innerimp> inner 

            81 :        <restartimp> restart 

            82 :        <leaveimp> leave 

            83 :        <generalifimp> ( 

            84 :        <alternatives> -> <alternative> <selections> <selection> 
                     <caseselection> // 

            85 :        <simpleifimp> ( 

            86 :        then -> 

            87 :        <forimp> ( 

            88 :        for 

            89 :        <labelledimp> <namedcl> <namedecl> _NAME_ 

            90 :        -EOF- ; 

            91 :        <exitpart> exit 

            92 :        <dopart> do 

            93 :        <enterpart> enter 

            94 :        -EOF- -> 

            95 :        <namedindex> <namedcl> <namedecl> _NAME_ 

            96 :        <dynamiccomponent> ^ 

            97 :        <staticcomponent> @ 

            98 :        <dynamicitem> ^ 

            99 :        <staticitem> @ 

           100 :        <variablepattern> ## 

           101 :        <names> <namedcl> <namedecl> _NAME_ 

           102 :        <errordecl> _ERROR_ 

           103 :        <finaldecl> <names> <namedcl> <namedecl> _NAME_ 

           104 :        <bindingdecl> <names> <namedcl> <namedecl> _NAME_ 

           105 :        < 

           106 :        <virtualdecl> <names> <namedcl> <namedecl> _NAME_ 

           107 :        <repetitiondecl> <names> <namedcl> <namedecl> _NAME_ 

           108 :        [ 

           109 :        <simpledecl> <names> <namedcl> <namedecl> _NAME_ 

           110 :        <patterndecl> <names> <namedcl> <namedecl> _NAME_ 

           111 :        <attributedecl> <patterndecl> <simpledecl> <repetitiondecl> 
                     <virtualdecl> <bindingdecl> <finaldecl> <errordecl> 
                     <names> _ERROR_ <namedcl> <namedecl> _NAME_ 

           112 :        -EOF- . [ .% 

           113 :        <prefix> <attributedenotation> <nameapl> <remote> <computedremote> 
                     <indexed> <thisobject> <remoteprimitive> <nameappl> 
                     ( this _NAME_ 

           114 :        <string> _STRING_ 

           115 :        <const> _KONST_ 

           116 :        <namedecl> _NAME_ 

           117 :        <nameappl> _NAME_ 


*********************************************************************

 
 statistics :
 const1 used          202 of 2400
 const2 used          187 of 1200
 const3 used            0 of 720
 const4 used         8910 of 80000
 const5 used            0 of 63
 const6 used            2 of 6000
 const7 used         2194 of 20000
 const8 used           48 of 600
 const9 used            0 of 10000
 const10 used          988 of 7200
 const11 used            0 of 130
 const12 used          104 of 1500
 const13 used            0 of 5
 const14 used            0 of 15
 const15 used            0 of  not used 
 const16 used         2368 of 10000
 const17 used            0 of  not used 
 const18 used            0 of 75
 const19 used            0 of 18000
 const20 used            0 of  not used 
