******** BOBS SYSTEM  - LALR(1) Parser Generator - Version 1.4 ********
******** DER ER BQF I BOBS!
Default options:28 56 57 
************ A LIST OF INPUT WITH POSSIBLE ERRORMESSAGES  ************

      OPTIONS(32,34,59)
     METASYMBOLS  M1== M2=| M3=< M4=; M5="
     "<<" "--" "_EMPTY_" "_NAME_" "_KONST_" "_STRING_" "_ERROR_" 
     ">=" "else" "restart" "->" "none" 
     "not" "%" "and" "suspend" "then" ".%" 
     "&" "code" "repeat" "|" "'" "mod" 
     "(" "do" "[" "@@" "tos" ")" 
     "//" ":" "*" "inner" "]" ";" 
     "+" "leave" "^" "<" "=" "," 
     "(#" "-" ">" "exit" "##" "." 
     "/" "if" "@" "this" "enter" "xor" 
     "<=" "div" "<>" "!" "or" "[]" 
     "for" "#)" "(*" ;
     STRINGCH = ';
     COMMENT = "(*" ; "*)";
     GOALSYMBOL = betaform;
     <betaform< = _ERROR_.-1= "_ERROR_";
     <nameappl< = ^.-3= "_NAME_";
     <namedecl< = :.-4= "_NAME_";
     <const< = %.-5= "_KONST_";
     <string< = '.-6= "_STRING_";
     <betaform< = ?.1= <descriptorform< 
                   | ?.1= <attributesform< ;
     <descriptorform< = DescriptorForm.2= <objectdescriptor<  ;
     <attributesform< = AttributesForm.3= <attributes<  ;
     <objectdescriptor< = ObjectDescriptor.4= <prefixopt<  <mainpart<  ;
     <mainpart< = MainPart.5= "(#" <attributes<  <actionpart<  "#)" ;
     <attributes< = Attributes.6= <attributedeclopt< 
                   | +.6= <attributes< ";"<attributedeclopt< ;
     <prefixopt< = _EMPTY_.7= "_EMPTY_"
                   | ?.-2= <prefix< ;
     <prefix< = Prefix.8= <attributedenotation<  ;
     <attributedeclopt< = _EMPTY_.9= "_EMPTY_"
                   | ?.-2= <attributedecl< ;
     <attributedecl< = ?.10= <patterndecl< 
                   | ?.10= <simpledecl< 
                   | ?.10= <repetitiondecl< 
                   | ?.10= <virtualdecl< 
                   | ?.10= <bindingdecl< 
                   | ?.10= <finaldecl< 
                   | ?.10= <errordecl< ;
     <patterndecl< = PatternDecl.11= <names<  ":" <objectdescriptor<  ;
     <simpledecl< = SimpleDecl.12= <names<  ":" <referencespecification<  ;
     <repetitiondecl< = RepetitionDecl.13= <names<  ":" "[" <index<  "]" <referencespecification<  ;
     <virtualdecl< = VirtualDecl.14= <names<  ":" "<" <objectspecification<  ;
     <bindingdecl< = BindingDecl.15= <names<  ":" ":" "<" <objectspecification<  ;
     <finaldecl< = FinalDecl.16= <names<  ":" ":" <objectspecification<  ;
     <variablepattern< = VariablePattern.17= "##" <attributedenotation<  ;
     <referencespecification< = ?.18= <staticitem< 
                   | ?.18= <dynamicitem< 
                   | ?.18= <staticcomponent< 
                   | ?.18= <dynamiccomponent< 
                   | ?.18= <variablepattern< ;
     <staticitem< = StaticItem.19= "@" <objectspecification<  ;
     <dynamicitem< = DynamicItem.20= "^" <attributedenotation<  ;
     <staticcomponent< = StaticComponent.21= "@" "|" <objectspecification<  ;
     <dynamiccomponent< = DynamicComponent.22= "^" "|" <attributedenotation<  ;
     <objectspecification< = ?.23= <objectdescriptor< 
                   | ?.23= <attributedenotation< 
                   | ?.23= <component< ;
     <component< = Component.24= <serveropt<  ":" ":" <remote<  ;
     <serveropt< = _EMPTY_.25= "_EMPTY_"
                   | ?.-2= <server< ;
     <server< = Server.26= "//" <remote<  ;
     <index< = ?.27= <simpleindex< 
                   | ?.27= <namedindex< ;
     <namedindex< = NamedIndex.28= <namedcl<  ":" <evaluation<  ;
     <actionpart< = ActionPart.29= <enterpartopt<  <dopartopt<  <exitpartopt<  ;
     <enterpartopt< = _EMPTY_.30= "_EMPTY_"
                   | ?.-2= <enterpart< ;
     <dopartopt< = _EMPTY_.31= "_EMPTY_"
                   | ?.-2= <dopart< ;
     <exitpartopt< = _EMPTY_.32= "_EMPTY_"
                   | ?.-2= <exitpart< ;
     <enterpart< = EnterPart.33= "enter" <evaluation<  ;
     <dopart< = DoPart.34= "do" <imperatives<  ;
     <exitpart< = ExitPart.35= "exit" <evaluation<  ;
     <imperatives< = Imperatives.36= <impopt< 
                   | +.36= <imperatives< ";"<impopt< ;
     <impopt< = _EMPTY_.37= "_EMPTY_"
                   | ?.-2= <imp< ;
     <imp< = ?.38= <labelledimp< 
                   | ?.38= <forimp< 
                   | ?.38= <simpleifimp< 
                   | ?.38= <generalifimp< 
                   | ?.38= <leaveimp< 
                   | ?.38= <restartimp< 
                   | ?.38= <innerimp< 
                   | ?.38= <suspendimp< 
                   | ?.38= <evaluation< 
                   | ?.38= <codeimp< 
                   | ?.38= <errorimp< ;
     <labelledimp< = LabelledImp.39= <namedcl<  ":" <imp<  ;
     <forimp< = ForImp.40= "(" "for" <index<  "repeat" <imperatives<  "for" ")" ;
     <generalifimp< = GeneralIfImp.41= "(" "if" <evaluation<  <alternatives<  <elsepartopt<  "if" ")" ;
     <simpleifimp< = SimpleIfImp.42= "(" "if" <evaluation<  "then" <imperatives<  <elsepartopt<  "if" ")" ;
     <leaveimp< = LeaveImp.43= "leave" <nameapl<  ;
     <restartimp< = RestartImp.44= "restart" <nameapl<  ;
     <innerimp< = InnerImp.45= "inner" <nameaplopt<  ;
     <nameaplopt< = _EMPTY_.46= "_EMPTY_"
                   | ?.-2= <nameapl< ;
     <suspendimp< = SuspendImp.47= "suspend" ;
     <codeimp< = CodeImp.48= "(" "code" <codeitems<  "code" ")" ;
     <alternatives< = Alternatives.49= <alternative< 
                   | +.49= <alternatives< <alternative< ;
     <alternative< = Alternative.50= <selections<  "then" <imperatives<  ;
     <selections< = Selections.51= <selection< 
                   | +.51= <selections< <selection< ;
     <selection< = ?.52= <caseselection< ;
     <caseselection< = CaseSelection.53= "//" <evaluation<  ;
     <elsepartopt< = _EMPTY_.54= "_EMPTY_"
                   | ?.-2= <elsepart< ;
     <elsepart< = ElsePart.55= "else" <imperatives<  ;
     <evaluations< = Evaluations.56= <evaluation< 
                   | +.56= <evaluations< ","<evaluation< ;
     <evaluation< = ?.57= <expression< 
                   | ?.57= <assignmentevaluation< ;
     <assignmentevaluation< = AssignmentEvaluation.58= <evaluation<  "->" <transaction<  ;
     <transaction< = ?.59= <objectevaluation< 
                   | ?.59= <computedobjectevaluation< 
                   | ?.59= <objectreference< 
                   | ?.59= <evallist< 
                   | ?.59= <structurereference< 
                   | ?.59= <primitive< 
                   | ?.59= <address< ;
     <objectevaluation< = ?.60= <inserteditem< 
                   | ?.60= <reference< ;
     <reference< = ?.61= <objectdenotation< 
                   | ?.61= <dynamicobjectgeneration< ;
     <dynamicobjectgeneration< = ?.62= <dynamicitemgeneration< 
                   | ?.62= <dynamiccomponentgeneration< ;
     <inserteditem< = InsertedItem.63= <objectdescriptor<  ;
     <objectdenotation< = ObjectDenotation.64= <attributedenotation<  ;
     <computedobjectevaluation< = ComputedObjectEvaluation.65= <objectevaluation<  "!" ;
     <objectreference< = ObjectReference.66= <reference<  "[]" ;
     <structurereference< = StructureReference.67= <attributedenotation<  "##" ;
     <evallist< = EvalList.68= "(" <evaluations<  ")" ;
     <dynamicitemgeneration< = DynamicItemGeneration.69= "&" <objectspecification<  ;
     <dynamiccomponentgeneration< = DynamicComponentGeneration.70= "&" "|" <objectspecification<  ;
     <primitive< = Primitive.71= "tos" <simpleentry<  ;
     <address< = Address.72= "@@" <attributedenotation<  ;
     <attributedenotation< = ?.73= <nameapl< 
                   | ?.73= <remote< 
                   | ?.73= <computedremote< 
                   | ?.73= <indexed< 
                   | ?.73= <thisobject< 
                   | ?.73= <remoteprimitive< ;
     <remote< = Remote.74= <attributedenotation<  "." <nameapl<  ;
     <computedremote< = ComputedRemote.75= "(" <evaluations<  ")" "." <nameapl<  ;
     <indexed< = Indexed.76= <attributedenotation<  "[" <evaluation<  "]" ;
     <thisobject< = ThisObject.77= "this" "(" <nameapl<  ")" ;
     <remoteprimitive< = RemotePrimitive.78= <attributedenotation<  ".%" <nameapl<  ;
     <expression< = ?.79= <relationalexp< 
                   | ?.79= <simpleexp< ;
     <relationalexp< = ?.80= <eqexp< 
                   | ?.80= <ltexp< 
                   | ?.80= <leexp< 
                   | ?.80= <gtexp< 
                   | ?.80= <geexp< 
                   | ?.80= <neexp< ;
     <simpleexp< = ?.81= <addexp< 
                   | ?.81= <signedterm< 
                   | ?.81= <term< ;
     <addexp< = ?.82= <plusexp< 
                   | ?.82= <minusexp< 
                   | ?.82= <orexp< 
                   | ?.82= <xorexp< ;
     <signedterm< = ?.83= <unaryplusexp< 
                   | ?.83= <unaryminusexp< ;
     <term< = ?.84= <mulexp< 
                   | ?.84= <factor< ;
     <mulexp< = ?.85= <timesexp< 
                   | ?.85= <realdivexp< 
                   | ?.85= <intdivexp< 
                   | ?.85= <modexp< 
                   | ?.85= <andexp< 
                   | ?.85= <primitiveexp< ;
     <eqexp< = EqExp.86= <simpleexp<  "=" <simpleexp<  ;
     <ltexp< = LtExp.87= <simpleexp<  "<" <simpleexp<  ;
     <leexp< = LeExp.88= <simpleexp<  "<=" <simpleexp<  ;
     <gtexp< = GtExp.89= <simpleexp<  ">" <simpleexp<  ;
     <geexp< = GeExp.90= <simpleexp<  ">=" <simpleexp<  ;
     <neexp< = NeExp.91= <simpleexp<  "<>" <simpleexp<  ;
     <plusexp< = PlusExp.92= <simpleexp<  "+" <term<  ;
     <minusexp< = MinusExp.93= <simpleexp<  "-" <term<  ;
     <orexp< = OrExp.94= <simpleexp<  "or" <term<  ;
     <xorexp< = XorExp.95= <simpleexp<  "xor" <term<  ;
     <unaryplusexp< = unaryPlusExp.96= "+" <term<  ;
     <unaryminusexp< = unaryMinusExp.97= "-" <term<  ;
     <timesexp< = TimesExp.98= <term<  "*" <factor<  ;
     <realdivexp< = RealDivExp.99= <term<  "/" <factor<  ;
     <intdivexp< = IntDivExp.100= <term<  "div" <factor<  ;
     <modexp< = ModExp.101= <term<  "mod" <factor<  ;
     <andexp< = AndExp.102= <term<  "and" <factor<  ;
     <primitiveexp< = PrimitiveExp.103= <term<  "%" <nameapl<  <factor<  ;
     <factor< = ?.104= <textconst< 
                   | ?.104= <integerconst< 
                   | ?.104= <notexp< 
                   | ?.104= <noneexp< 
                   | ?.104= <repetitionslice< 
                   | ?.104= <transaction< 
                   | ?.104= <unaryprimitiveexp< ;
     <repetitionslice< = RepetitionSlice.105= <attributedenotation<  "[" <evaluation<  ":" <evaluation<  "]" ;
     <notexp< = notExp.106= "not" <factor<  ;
     <noneexp< = noneExp.107= "none" ;
     <unaryprimitiveexp< = UnaryPrimitiveExp.108= "%" <nameapl<  <factor<  ;
     <names< = Names.109= <namedcl< 
                   | +.109= <names< ","<namedcl< ;
     <namedcl< = NameDcl.110= <namedecl<  ;
     <nameapl< = NameApl.111= <nameappl<  ;
     <simpleentry< = _EMPTY_.112= "_EMPTY_"
                   | ?.-2= <textconst< ;
     <textconst< = TextConst.113= <string<  ;
     <integerconst< = IntegerConst.114= <const<  ;
     <simpleindex< = SimpleIndex.115= <evaluation<  ;
     <codeitems< = CodeItems.116= <codeitem< 
                   | +.116= <codeitems< ","<codeitem< ;
     <codeitem< = ?.117= <codestring< 
                   | ?.117= <codeconst< ;
     <codestring< = CodeString.118= <string<  ;
     <codeconst< = CodeConst.119= <const<  ;
     <errordecl< = ErrorDecl.120= "_ERROR_" ;
     <errorimp< = ErrorImp.121= "_ERROR_" ;
     ;;

*********************************  END OF LIST ****************************


*******************************  GRAMMARCHECKS  **************************

IT HAS BEEN CHECKED THAT ALL NONTERMINALS
EXCEPT THE GOALSYMBOL APPEAR IN BOTH
LEFT AND RIGHTSIDE OF A PRODUCTION


IT HAS BEEN CHECKED  THAT THERE 
EXISTS NO IDENTICAL PRODUCTIONS 


IT HAS BEEN CHECKED THAT ALL NONTERMINALS CAN
PRODUCE A STRING OF ONLY TERMINAL SYMBOLS


*********************************************  The Grammar  *************************
     BOBS

   1   1   <betaform> ::= _ERROR_                                      :_ERROR_
                                                                        .-1

   2   4   <nameappl> ::= _NAME_                                       :^.-3

   3   5   <namedecl> ::= _NAME_                                       ::.-4

   4   6   <const> ::= _KONST_                                         :%.-5

   5   7   <string> ::= _STRING_                                       :'.-6

   6   2   <betaform> ::= <descriptorform>                             :?.1
   7   3               |  <attributesform>                             :?.1

   8   8   <descriptorform> ::= <objectdescriptor>                     :Descrip
                                                                        torForm
                                                                        .2

   9   9   <attributesform> ::= <attributes>                           :Attribu
                                                                        tesForm
                                                                        .3

  10  10   <objectdescriptor> ::= <prefixopt> <mainpart>               :ObjectD
                                                                        escript
                                                                        or.4

  11  15   <mainpart> ::= (# <attributes> <actionpart> #)              :MainPar
                                                                        t.5

  12  11   <attributes> ::= <attributedeclopt>                         :Attribu
                                                                        tes.6
  13  12                 |  <attributes> ; <attributedeclopt>          :+.6

  14  13   <prefixopt> ::= _EMPTY_                                     :_EMPTY_
                                                                        .7
  15  14                |  <prefix>                                    :?.-2

  16  19   <prefix> ::= <attributedenotation>                          :Prefix.
                                                                        8

  17  17   <attributedeclopt> ::= _EMPTY_                              :_EMPTY_
                                                                        .9
  18  18                       |  <attributedecl>                      :?.-2

  19  26   <attributedecl> ::= <patterndecl>                           :?.10
  20  27                    |  <simpledecl>                            :?.10
  21  28                    |  <repetitiondecl>                        :?.10
  22  29                    |  <virtualdecl>                           :?.10
  23  30                    |  <bindingdecl>                           :?.10
  24  31                    |  <finaldecl>                             :?.10
  25  32                    |  <errordecl>                             :?.10

  26  33   <patterndecl> ::= <names> : <objectdescriptor>              :Pattern
                                                                        Decl.11

  27  34   <simpledecl> ::= <names> : <referencespecification>         :SimpleD
                                                                        ecl.12

  28  35   <repetitiondecl> ::= <names> : [ <index> ] 
                                <referencespecification>               :Repetit
                                                                        ionDecl
                                                                        .13

  29  36   <virtualdecl> ::= <names> : < <objectspecification>         :Virtual
                                                                        Decl.14

  30  37   <bindingdecl> ::= <names> : : < <objectspecification>       :Binding
                                                                        Decl.15

  31  38   <finaldecl> ::= <names> : : <objectspecification>           :FinalDe
                                                                        cl.16

  32  52   <variablepattern> ::= ## <attributedenotation>              :Variabl
                                                                        ePatter
                                                                        n.17

  33  42   <referencespecification> ::= <staticitem>                   :?.18
  34  43                             |  <dynamicitem>                  :?.18
  35  44                             |  <staticcomponent>              :?.18
  36  45                             |  <dynamiccomponent>             :?.18
  37  46                             |  <variablepattern>              :?.18

  38  53   <staticitem> ::= @ <objectspecification>                    :StaticI
                                                                        tem.19

  39  54   <dynamicitem> ::= ^ <attributedenotation>                   :Dynamic
                                                                        Item.20

  40  55   <staticcomponent> ::= @ | <objectspecification>             :StaticC
                                                                        omponen
                                                                        t.21

  41  56   <dynamiccomponent> ::= ^ | <attributedenotation>            :Dynamic
                                                                        Compone
                                                                        nt.22

  42  49   <objectspecification> ::= <objectdescriptor>                :?.23
  43  50                          |  <attributedenotation>             :?.23
  44  51                          |  <component>                       :?.23

  45  57   <component> ::= <serveropt> : : <remote>                    :Compone
                                                                        nt.24

  46  58   <serveropt> ::= _EMPTY_                                     :_EMPTY_
                                                                        .25
  47  59                |  <server>                                    :?.-2

  48  61   <server> ::= // <remote>                                    :Server.
                                                                        26

  49  47   <index> ::= <simpleindex>                                   :?.27
  50  48            |  <namedindex>                                    :?.27

  51  63   <namedindex> ::= <namedcl> : <evaluation>                   :NamedIn
                                                                        dex.28

  52  16   <actionpart> ::= <enterpartopt> <dopartopt> <exitpartopt>   :ActionP
                                                                        art.29

  53  67   <enterpartopt> ::= _EMPTY_                                  :_EMPTY_
                                                                        .30
  54  68                   |  <enterpart>                              :?.-2

  55  69   <dopartopt> ::= _EMPTY_                                     :_EMPTY_
                                                                        .31
  56  70                |  <dopart>                                    :?.-2

  57  71   <exitpartopt> ::= _EMPTY_                                   :_EMPTY_
                                                                        .32
  58  72                  |  <exitpart>                                :?.-2

  59  73   <enterpart> ::= enter <evaluation>                          :EnterPa
                                                                        rt.33

  60  74   <dopart> ::= do <imperatives>                               :DoPart.
                                                                        34

  61  75   <exitpart> ::= exit <evaluation>                            :ExitPar
                                                                        t.35

  62  76   <imperatives> ::= <impopt>                                  :Imperat
                                                                        ives.36
  63  77                  |  <imperatives> ; <impopt>                  :+.36

  64  78   <impopt> ::= _EMPTY_                                        :_EMPTY_
                                                                        .37
  65  79             |  <imp>                                          :?.-2

  66  80   <imp> ::= <labelledimp>                                     :?.38
  67  81          |  <forimp>                                          :?.38
  68  82          |  <simpleifimp>                                     :?.38
  69  83          |  <generalifimp>                                    :?.38
  70  84          |  <leaveimp>                                        :?.38
  71  85          |  <restartimp>                                      :?.38
  72  86          |  <innerimp>                                        :?.38
  73  87          |  <suspendimp>                                      :?.38
  74  88          |  <evaluation>                                      :?.38
  75  89          |  <codeimp>                                         :?.38
  76  90          |  <errorimp>                                        :?.38

  77  91   <labelledimp> ::= <namedcl> : <imp>                         :Labelle
                                                                        dImp.39

  78  92   <forimp> ::= ( for <index> repeat <imperatives> for )       :ForImp.
                                                                        40

  79  94   <generalifimp> ::= ( if <evaluation> <alternatives> 
                              <elsepartopt> if )                       :General
                                                                        IfImp.4
                                                                        1

  80  93   <simpleifimp> ::= ( if <evaluation> then <imperatives> 
                             <elsepartopt> if )                        :SimpleI
                                                                        fImp.42

  81  95   <leaveimp> ::= leave <nameapl>                              :LeaveIm
                                                                        p.43

  82  96   <restartimp> ::= restart <nameapl>                          :Restart
                                                                        Imp.44

  83  97   <innerimp> ::= inner <nameaplopt>                           :InnerIm
                                                                        p.45

  84 106   <nameaplopt> ::= _EMPTY_                                    :_EMPTY_
                                                                        .46
  85 107                 |  <nameapl>                                  :?.-2

  86  98   <suspendimp> ::= suspend                                    :Suspend
                                                                        Imp.47

  87  99   <codeimp> ::= ( code <codeitems> code )                     :CodeImp
                                                                        .48

  88 101   <alternatives> ::= <alternative>                            :Alterna
                                                                        tives.4
                                                                        9
  89 102                   |  <alternatives> <alternative>             :+.49

  90 110   <alternative> ::= <selections> then <imperatives>           :Alterna
                                                                        tive.50

  91 111   <selections> ::= <selection>                                :Selecti
                                                                        ons.51
  92 112                 |  <selections> <selection>                   :+.51

  93 113   <selection> ::= <caseselection>                             :?.52

  94 114   <caseselection> ::= // <evaluation>                         :CaseSel
                                                                        ection.
                                                                        53

  95 103   <elsepartopt> ::= _EMPTY_                                   :_EMPTY_
                                                                        .54
  96 104                  |  <elsepart>                                :?.-2

  97 115   <elsepart> ::= else <imperatives>                           :ElsePar
                                                                        t.55

  98 116   <evaluations> ::= <evaluation>                              :Evaluat
                                                                        ions.56
  99 117                  |  <evaluations> , <evaluation>              :+.56

 100  65   <evaluation> ::= <expression>                               :?.57
 101  66                 |  <assignmentevaluation>                     :?.57

 102 120   <assignmentevaluation> ::= <evaluation> -> <transaction>    :Assignm
                                                                        entEval
                                                                        uation.
                                                                        58

 103 121   <transaction> ::= <objectevaluation>                        :?.59
 104 122                  |  <computedobjectevaluation>                :?.59
 105 123                  |  <objectreference>                         :?.59
 106 124                  |  <evallist>                                :?.59
 107 125                  |  <structurereference>                      :?.59
 108 126                  |  <primitive>                               :?.59
 109 127                  |  <address>                                 :?.59

 110 128   <objectevaluation> ::= <inserteditem>                       :?.60
 111 129                       |  <reference>                          :?.60

 112 137   <reference> ::= <objectdenotation>                          :?.61
 113 138                |  <dynamicobjectgeneration>                   :?.61

 114 140   <dynamicobjectgeneration> ::= <dynamicitemgeneration>       :?.62
 115 141                              |  <dynamiccomponentgeneration>  :?.62

 116 136   <inserteditem> ::= <objectdescriptor>                       :Inserte
                                                                        dItem.6
                                                                        3

 117 139   <objectdenotation> ::= <attributedenotation>                :ObjectD
                                                                        enotati
                                                                        on.64

 118 130   <computedobjectevaluation> ::= <objectevaluation> !         :Compute
                                                                        dObject
                                                                        Evaluat
                                                                        ion.65

 119 131   <objectreference> ::= <reference> []                        :ObjectR
                                                                        eferenc
                                                                        e.66

 120 133   <structurereference> ::= <attributedenotation> ##           :Structu
                                                                        reRefer
                                                                        ence.67

 121 132   <evallist> ::= ( <evaluations> )                            :EvalLis
                                                                        t.68

 122 142   <dynamicitemgeneration> ::= & <objectspecification>         :Dynamic
                                                                        ItemGen
                                                                        eration
                                                                        .69

 123 143   <dynamiccomponentgeneration> ::= & | <objectspecification>  :Dynamic
                                                                        Compone
                                                                        ntGener
                                                                        ation.7
                                                                        0

 124 134   <primitive> ::= tos <simpleentry>                           :Primiti
                                                                        ve.71

 125 135   <address> ::= @@ <attributedenotation>                      :Address
                                                                        .72

 126  20   <attributedenotation> ::= <nameapl>                         :?.73
 127  21                          |  <remote>                          :?.73
 128  22                          |  <computedremote>                  :?.73
 129  23                          |  <indexed>                         :?.73
 130  24                          |  <thisobject>                      :?.73
 131  25                          |  <remoteprimitive>                 :?.73

 132  60   <remote> ::= <attributedenotation> . <nameapl>              :Remote.
                                                                        74

 133 146   <computedremote> ::= ( <evaluations> ) . <nameapl>          :Compute
                                                                        dRemote
                                                                        .75

 134 147   <indexed> ::= <attributedenotation> [ <evaluation> ]        :Indexed
                                                                        .76

 135 148   <thisobject> ::= this ( <nameapl> )                         :ThisObj
                                                                        ect.77

 136 149   <remoteprimitive> ::= <attributedenotation> .% <nameapl>    :RemoteP
                                                                        rimitiv
                                                                        e.78

 137 118   <expression> ::= <relationalexp>                            :?.79
 138 119                 |  <simpleexp>                                :?.79

 139 150   <relationalexp> ::= <eqexp>                                 :?.80
 140 151                    |  <ltexp>                                 :?.80
 141 152                    |  <leexp>                                 :?.80
 142 153                    |  <gtexp>                                 :?.80
 143 154                    |  <geexp>                                 :?.80
 144 155                    |  <neexp>                                 :?.80

 145 156   <simpleexp> ::= <addexp>                                    :?.81
 146 157                |  <signedterm>                                :?.81
 147 158                |  <term>                                      :?.81

 148 165   <addexp> ::= <plusexp>                                      :?.82
 149 166             |  <minusexp>                                     :?.82
 150 167             |  <orexp>                                        :?.82
 151 168             |  <xorexp>                                       :?.82

 152 169   <signedterm> ::= <unaryplusexp>                             :?.83
 153 170                 |  <unaryminusexp>                            :?.83

 154 171   <term> ::= <mulexp>                                         :?.84
 155 172           |  <factor>                                         :?.84

 156 179   <mulexp> ::= <timesexp>                                     :?.85
 157 180             |  <realdivexp>                                   :?.85
 158 181             |  <intdivexp>                                    :?.85
 159 182             |  <modexp>                                       :?.85
 160 183             |  <andexp>                                       :?.85
 161 184             |  <primitiveexp>                                 :?.85

 162 159   <eqexp> ::= <simpleexp> = <simpleexp>                       :EqExp.8
                                                                        6

 163 160   <ltexp> ::= <simpleexp> < <simpleexp>                       :LtExp.8
                                                                        7

 164 161   <leexp> ::= <simpleexp> <= <simpleexp>                      :LeExp.8
                                                                        8

 165 162   <gtexp> ::= <simpleexp> > <simpleexp>                       :GtExp.8
                                                                        9

 166 163   <geexp> ::= <simpleexp> >= <simpleexp>                      :GeExp.9
                                                                        0

 167 164   <neexp> ::= <simpleexp> <> <simpleexp>                      :NeExp.9
                                                                        1

 168 173   <plusexp> ::= <simpleexp> + <term>                          :PlusExp
                                                                        .92

 169 174   <minusexp> ::= <simpleexp> - <term>                         :MinusEx
                                                                        p.93

 170 175   <orexp> ::= <simpleexp> or <term>                           :OrExp.9
                                                                        4

 171 176   <xorexp> ::= <simpleexp> xor <term>                         :XorExp.
                                                                        95

 172 177   <unaryplusexp> ::= + <term>                                 :unaryPl
                                                                        usExp.9
                                                                        6

 173 178   <unaryminusexp> ::= - <term>                                :unaryMi
                                                                        nusExp.
                                                                        97

 174 192   <timesexp> ::= <term> * <factor>                            :TimesEx
                                                                        p.98

 175 193   <realdivexp> ::= <term> / <factor>                          :RealDiv
                                                                        Exp.99

 176 194   <intdivexp> ::= <term> div <factor>                         :IntDivE
                                                                        xp.100

 177 195   <modexp> ::= <term> mod <factor>                            :ModExp.
                                                                        101

 178 196   <andexp> ::= <term> and <factor>                            :AndExp.
                                                                        102

 179 197   <primitiveexp> ::= <term> % <nameapl> <factor>              :Primiti
                                                                        veExp.1
                                                                        03

 180 185   <factor> ::= <textconst>                                    :?.104
 181 186             |  <integerconst>                                 :?.104
 182 187             |  <notexp>                                       :?.104
 183 188             |  <noneexp>                                      :?.104
 184 189             |  <repetitionslice>                              :?.104
 185 190             |  <transaction>                                  :?.104
 186 191             |  <unaryprimitiveexp>                            :?.104

 187 202   <repetitionslice> ::= <attributedenotation> [ <evaluation> 
                                 : <evaluation> ]                      :Repetit
                                                                        ionSlic
                                                                        e.105

 188 200   <notexp> ::= not <factor>                                   :notExp.
                                                                        106

 189 201   <noneexp> ::= none                                          :noneExp
                                                                        .107

 190 203   <unaryprimitiveexp> ::= % <nameapl> <factor>                :UnaryPr
                                                                        imitive
                                                                        Exp.108

 191  40   <names> ::= <namedcl>                                       :Names.1
                                                                        09
 192  41            |  <names> , <namedcl>                             :+.109

 193  64   <namedcl> ::= <namedecl>                                    :NameDcl
                                                                        .110

 194 105   <nameapl> ::= <nameappl>                                    :NameApl
                                                                        .111

 195 144   <simpleentry> ::= _EMPTY_                                   :_EMPTY_
                                                                        .112
 196 145                  |  <textconst>                               :?.-2

 197 198   <textconst> ::= <string>                                    :TextCon
                                                                        st.113

 198 199   <integerconst> ::= <const>                                  :Integer
                                                                        Const.1
                                                                        14

 199  62   <simpleindex> ::= <evaluation>                              :SimpleI
                                                                        ndex.11
                                                                        5

 200 108   <codeitems> ::= <codeitem>                                  :CodeIte
                                                                        ms.116
 201 109                |  <codeitems> , <codeitem>                    :+.116

 202 204   <codeitem> ::= <codestring>                                 :?.117
 203 205               |  <codeconst>                                  :?.117

 204 206   <codestring> ::= <string>                                   :CodeStr
                                                                        ing.118

 205 207   <codeconst> ::= <const>                                     :CodeCon
                                                                        st.119

 206  39   <errordecl> ::= _ERROR_                                     :ErrorDe
                                                                        cl.120

 207 100   <errorimp> ::= _ERROR_                                      :ErrorIm
                                                                        p.121

*************************************************************************************
 *********************  A list of LR(1) conflicts  *********************


  -------------------------------------------------------------
  LALR(1) conflict of type: REDUCE/REDUCE
    first conflicting production:
        1: <betaform> ::= _ERROR_  .
      Lookahead set:
     -EOF- 
    second conflicting production:
      39: <errordecl> ::= _ERROR_  .
      lookahead set:
     -EOF- ; 
    Conflict on symbol(s)
     -EOF-
    

 ********************* End of LR(1) conflicts  *************************

***********************************************************************

           The grammar is NOT LALR(1) 

***********************************************************************

A parser for the grammar has however been constructed.
THIS PARSER MAY NOT WORK PROPERLY!!!
When a parse conflict occurs, 
the parser selects one of the possibilities.
If the parse conflict is due to an ambiguity,
one of the possible right parses is produced.
If the grammar is unambiguous and NON LALR(1),
a parse error may appear on a syntactic correct string!


***********************  COMPILER ERROR MESSAGES  ***********


      ERRORNO : 0      ** ILLEGAL TERMINAL SYMBOL **


      ERRORNO :        EXPECTED SYMBOL:

             1 :        BOBS-GO 

             2 :        <codeconst> <const> _KONST_ 

             3 :        -EOF- 

             4 :        <codestring> <string> _STRING_ 

             5 :        <codeitem> <codestring> <codeconst> <string> <const> 
                     _STRING_ _KONST_ 

             6 :        <unaryprimitiveexp> % 

             7 :        <nameapl> <nameappl> _NAME_ 

             8 :        <remote> <attributedenotation> <nameapl> <computedremote> 
                     <indexed> <thisobject> <remoteprimitive> <nameappl> 
                     ( this _NAME_ 

             9 :        ( 

            10 :        ) 

            11 :        <mainpart> (# 

            12 :        : , 

            13 :        <namedcl> <namedecl> _NAME_ 

            14 :        : ] -> 

            15 :        ] -> 

            16 :        ) , 

            17 :        <attributedenotation> | <nameapl> <remote> <computedremote> 
                     <indexed> <thisobject> <remoteprimitive> <nameappl> 
                     ( this _NAME_ 

            18 :        : 

            19 :        . [ .% 

            20 :        ] 

            21 :        <referencespecification> <staticitem> <dynamicitem> 
                     <staticcomponent> <dynamiccomponent> <variablepattern> 
                     @ ^ ## 

            22 :        <codeitems> <codeitem> <codestring> <codeconst> <string> 
                     <const> _STRING_ _KONST_ 

            23 :        code , 

            24 :        then <alternatives> -> <alternative> <selections> <selection> 
                     <caseselection> // 

            25 :        then <selection> <caseselection> // 

            26 :        if 

            27 :        repeat 

            28 :        for ; 

            29 :        #) 

            30 :        . 

            31 :        <repetitionslice> <attributedenotation> <nameapl> <remote> 
                     <computedremote> <indexed> <thisobject> <remoteprimitive> 
                     <nameappl> ( this _NAME_ 

            32 :        <noneexp> none 

            33 :        <notexp> not 

            34 :        <integerconst> <const> _KONST_ 

            35 :        <textconst> <string> _STRING_ 

            36 :        % * / div mod and 

            37 :        <unaryminusexp> - 

            38 :        <unaryplusexp> + 

            39 :        xor + - or 

            40 :        -EOF- * / div mod and % 

            41 :        <signedterm> <unaryplusexp> <unaryminusexp> + - 

            42 :        <> + - or xor 

            43 :        >= + - or xor 

            44 :        > + - or xor 

            45 :        <= + - or xor 

            46 :        < + - or xor 

            47 :        = + - or xor 

            48 :        -EOF- + - or xor 

            49 :        = < <= > >= <> + - or xor 

            50 :        <thisobject> this 

            51 :        <computedremote> ( 

            52 :        <dynamiccomponentgeneration> & 

            53 :        | 

            54 :        <dynamicitemgeneration> & 

            55 :        <dynamicobjectgeneration> <dynamicitemgeneration> <dynamiccomponentgeneration> 
                     & 

            56 :        <objectdenotation> <attributedenotation> <nameapl> 
                     <remote> <computedremote> <indexed> <thisobject> <remoteprimitive> 
                     <nameappl> ( this _NAME_ 

            57 :        <reference> <objectdenotation> <dynamicobjectgeneration> 
                     <attributedenotation> <dynamicitemgeneration> <dynamiccomponentgeneration> 
                     <nameapl> <remote> <computedremote> <indexed> <thisobject> 
                     <remoteprimitive> & <nameappl> ( this _NAME_ 

            58 :        <address> @@ 

            59 :        <primitive> tos 

            60 :        <structurereference> <attributedenotation> <nameapl> 
                     <remote> <computedremote> <indexed> <thisobject> <remoteprimitive> 
                     <nameappl> ( this _NAME_ 

            61 :        ## . [ .% 

            62 :        <evallist> ( 

            63 :        <objectreference> <reference> <objectdenotation> <dynamicobjectgeneration> 
                     <attributedenotation> <dynamicitemgeneration> <dynamiccomponentgeneration> 
                     <nameapl> <remote> <computedremote> <indexed> <thisobject> 
                     <remoteprimitive> & <nameappl> ( this _NAME_ 

            64 :        [] 

            65 :        ! 

            66 :        -> 

            67 :        -EOF- , 

            68 :        <elsepart> else 

            69 :        <caseselection> // 

            70 :        <selection> <caseselection> // 

            71 :        <selections> <selection> <caseselection> // 

            72 :        -EOF- <selection> <caseselection> // 

            73 :        <alternative> <selections> <selection> <caseselection> 
                     // 

            74 :        <alternatives> <alternative> <selections> <selection> 
                     <caseselection> // 

            75 :        -EOF- <alternative> <selections> <selection> <caseselection> 
                     // 

            76 :        <errorimp> _ERROR_ 

            77 :        <codeimp> ( 

            78 :        code 

            79 :        <suspendimp> suspend 

            80 :        <innerimp> inner 

            81 :        <restartimp> restart 

            82 :        <leaveimp> leave 

            83 :        <generalifimp> ( 

            84 :        <alternatives> -> <alternative> <selections> <selection> 
                     <caseselection> // 

            85 :        <simpleifimp> ( 

            86 :        then -> 

            87 :        <forimp> ( 

            88 :        for 

            89 :        <labelledimp> <namedcl> <namedecl> _NAME_ 

            90 :        -EOF- ; 

            91 :        <exitpart> exit 

            92 :        <dopart> do 

            93 :        <enterpart> enter 

            94 :        -EOF- -> 

            95 :        <namedindex> <namedcl> <namedecl> _NAME_ 

            96 :        <server> // 

            97 :        <dynamiccomponent> ^ 

            98 :        <staticcomponent> @ 

            99 :        <dynamicitem> ^ 

           100 :        <staticitem> @ 

           101 :        <variablepattern> ## 

           102 :        <names> <namedcl> <namedecl> _NAME_ 

           103 :        <errordecl> _ERROR_ 

           104 :        <finaldecl> <names> <namedcl> <namedecl> _NAME_ 

           105 :        <bindingdecl> <names> <namedcl> <namedecl> _NAME_ 

           106 :        < 

           107 :        <virtualdecl> <names> <namedcl> <namedecl> _NAME_ 

           108 :        <repetitiondecl> <names> <namedcl> <namedecl> _NAME_ 

           109 :        [ 

           110 :        <simpledecl> <names> <namedcl> <namedecl> _NAME_ 

           111 :        <patterndecl> <names> <namedcl> <namedecl> _NAME_ 

           112 :        <attributedecl> <patterndecl> <simpledecl> <repetitiondecl> 
                     <virtualdecl> <bindingdecl> <finaldecl> <errordecl> 
                     <names> _ERROR_ <namedcl> <namedecl> _NAME_ 

           113 :        -EOF- . [ .% 

           114 :        <prefix> <attributedenotation> <nameapl> <remote> <computedremote> 
                     <indexed> <thisobject> <remoteprimitive> <nameappl> 
                     ( this _NAME_ 

           115 :        <string> _STRING_ 

           116 :        <const> _KONST_ 

           117 :        <namedecl> _NAME_ 

           118 :        <nameappl> _NAME_ 


*********************************************************************

 
 statistics :
 const1 used          207 of 2400
 const2 used          190 of 1200
 const3 used            0 of 720
 const4 used         9022 of 80000
 const5 used            0 of 63
 const6 used            2 of 6000
 const7 used         2241 of 20000
 const8 used           48 of 600
 const9 used            0 of 10000
 const10 used         1013 of 7200
 const11 used            0 of 130
 const12 used          104 of 1500
 const13 used            0 of 5
 const14 used            0 of 15
 const15 used            0 of  not used 
 const16 used         2382 of 10000
 const17 used            0 of  not used 
 const18 used            0 of 75
 const19 used            0 of 18000
 const20 used            0 of  not used 
